2026-01-01 22:11:11,062 - core.services.grid.coordinator.balance_monitor - WARNING - warning:109 - ⚠️ 未找到USDC余额，所有币种: (空)
2026-01-01 22:11:11,062 - core.services.grid.coordinator.balance_monitor - INFO - info:102 - ✅ 账户余额轮询已启动（间隔60秒）
2026-01-01 22:11:11,074 - core.services.grid.coordinator.balance_monitor - INFO - info:102 - 💰 账户余额监控循环已启动
2026-01-01 22:12:11,275 - core.services.grid.coordinator.balance_monitor - WARNING - warning:109 - ⚠️ 未找到USDC余额，所有币种: (空)
2026-01-01 22:13:12,524 - core.services.grid.coordinator.balance_monitor - WARNING - warning:109 - ⚠️ 未找到USDC余额，所有币种: (空)
2026-01-01 22:14:12,757 - core.services.grid.coordinator.balance_monitor - WARNING - warning:109 - ⚠️ 未找到USDC余额，所有币种: (空)
2026-01-01 22:14:29,079 - core.services.grid.coordinator.balance_monitor - INFO - info:102 - 💰 余额监控循环被取消
2026-01-01 22:14:29,079 - core.services.grid.coordinator.balance_monitor - INFO - info:102 - ✅ 余额监控已停止
2026-01-03 15:19:52,565 - core.services.grid.coordinator.balance_monitor - WARNING - warning:109 - ⚠️ 未找到USDC余额，所有币种: (空)
2026-01-03 15:19:52,565 - core.services.grid.coordinator.balance_monitor - INFO - info:102 - ✅ 账户余额轮询已启动（间隔60秒）
2026-01-03 15:19:52,576 - core.services.grid.coordinator.balance_monitor - INFO - info:102 - 💰 账户余额监控循环已启动
2026-01-03 15:20:52,805 - core.services.grid.coordinator.balance_monitor - WARNING - warning:109 - ⚠️ 未找到USDC余额，所有币种: (空)
2026-01-03 15:21:54,113 - core.services.grid.coordinator.balance_monitor - WARNING - warning:109 - ⚠️ 未找到USDC余额，所有币种: (空)
2026-01-03 15:22:12,133 - core.services.grid.coordinator.balance_monitor - INFO - info:102 - 💰 余额监控循环被取消
2026-01-03 15:22:12,133 - core.services.grid.coordinator.balance_monitor - INFO - info:102 - ✅ 余额监控已停止
2026-01-03 15:24:43,818 - core.services.grid.coordinator.balance_monitor - WARNING - warning:109 - ⚠️ 未找到USDC余额，所有币种: (空)
2026-01-03 15:24:43,819 - core.services.grid.coordinator.balance_monitor - INFO - info:102 - ✅ 账户余额轮询已启动（间隔60秒）
2026-01-03 15:24:43,827 - core.services.grid.coordinator.balance_monitor - INFO - info:102 - 💰 账户余额监控循环已启动
2026-01-03 15:25:44,055 - core.services.grid.coordinator.balance_monitor - WARNING - warning:109 - ⚠️ 未找到USDC余额，所有币种: (空)
2026-01-03 15:26:46,415 - core.services.grid.coordinator.balance_monitor - WARNING - warning:109 - ⚠️ 未找到USDC余额，所有币种: (空)
2026-01-03 15:27:46,659 - core.services.grid.coordinator.balance_monitor - WARNING - warning:109 - ⚠️ 未找到USDC余额，所有币种: (空)
2026-01-03 15:28:47,013 - core.services.grid.coordinator.balance_monitor - WARNING - warning:109 - ⚠️ 未找到USDC余额，所有币种: (空)
2026-01-03 15:29:48,392 - core.services.grid.coordinator.balance_monitor - WARNING - warning:109 - ⚠️ 未找到USDC余额，所有币种: (空)
2026-01-03 15:30:48,664 - core.services.grid.coordinator.balance_monitor - WARNING - warning:109 - ⚠️ 未找到USDC余额，所有币种: (空)
2026-01-03 15:31:48,835 - core.services.grid.coordinator.balance_monitor - WARNING - warning:109 - ⚠️ 未找到USDC余额，所有币种: (空)
2026-01-03 15:32:49,234 - core.services.grid.coordinator.balance_monitor - WARNING - warning:109 - ⚠️ 未找到USDC余额，所有币种: (空)
2026-01-03 15:33:50,492 - core.services.grid.coordinator.balance_monitor - WARNING - warning:109 - ⚠️ 未找到USDC余额，所有币种: (空)
2026-01-03 15:34:51,839 - core.services.grid.coordinator.balance_monitor - WARNING - warning:109 - ⚠️ 未找到USDC余额，所有币种: (空)
2026-01-03 15:35:18,874 - core.services.grid.coordinator.balance_monitor - INFO - info:102 - 💰 余额监控循环被取消
2026-01-03 15:35:18,874 - core.services.grid.coordinator.balance_monitor - INFO - info:102 - ✅ 余额监控已停止
2026-01-03 15:37:10,654 - core.services.grid.coordinator.balance_monitor - WARNING - warning:109 - ⚠️ 未找到USDC余额，所有币种: (空)
2026-01-03 15:37:10,655 - core.services.grid.coordinator.balance_monitor - INFO - info:102 - ✅ 账户余额轮询已启动（间隔60秒）
2026-01-03 15:37:10,667 - core.services.grid.coordinator.balance_monitor - INFO - info:102 - 💰 账户余额监控循环已启动
2026-01-03 15:38:10,995 - core.services.grid.coordinator.balance_monitor - WARNING - warning:109 - ⚠️ 未找到USDC余额，所有币种: (空)
2026-01-03 15:39:12,343 - core.services.grid.coordinator.balance_monitor - WARNING - warning:109 - ⚠️ 未找到USDC余额，所有币种: (空)
2026-01-03 15:40:12,698 - core.services.grid.coordinator.balance_monitor - WARNING - warning:109 - ⚠️ 未找到USDC余额，所有币种: (空)
2026-01-03 15:41:13,012 - core.services.grid.coordinator.balance_monitor - WARNING - warning:109 - ⚠️ 未找到USDC余额，所有币种: (空)
2026-01-03 15:42:13,279 - core.services.grid.coordinator.balance_monitor - WARNING - warning:109 - ⚠️ 未找到USDC余额，所有币种: (空)
2026-01-03 15:43:13,635 - core.services.grid.coordinator.balance_monitor - WARNING - warning:109 - ⚠️ 未找到USDC余额，所有币种: (空)
2026-01-03 15:44:13,974 - core.services.grid.coordinator.balance_monitor - WARNING - warning:109 - ⚠️ 未找到USDC余额，所有币种: (空)
2026-01-03 15:44:21,813 - core.services.grid.coordinator.balance_monitor - INFO - info:102 - 💰 余额监控循环被取消
2026-01-03 15:44:21,813 - core.services.grid.coordinator.balance_monitor - INFO - info:102 - ✅ 余额监控已停止
2026-01-03 15:45:44,025 - core.services.grid.coordinator.balance_monitor - INFO - info:102 - 💰 初始本金已记录: $132.918 USDC
2026-01-03 15:45:44,026 - core.services.grid.coordinator.balance_monitor - INFO - info:102 - ✅ 账户余额轮询已启动（间隔60秒）
2026-01-03 15:45:44,033 - core.services.grid.coordinator.balance_monitor - INFO - info:102 - 💰 账户余额监控循环已启动
2026-01-03 17:01:19,409 - core.services.grid.coordinator.balance_monitor - INFO - info:102 - 💰 余额监控循环被取消
2026-01-03 17:01:19,409 - core.services.grid.coordinator.balance_monitor - INFO - info:102 - ✅ 余额监控已停止
