2026-01-01 22:11:12,085 - core.services.grid.terminal_ui - INFO - info:102 - 📺 正在进入Live上下文管理器...
2026-01-01 22:11:12,100 - core.services.grid.terminal_ui - INFO - info:102 - ✅ Rich Live上下文已启动，开始主循环
2026-01-01 22:11:12,100 - core.services.grid.terminal_ui - INFO - info:102 - 🔄 主循环首次迭代开始...
2026-01-01 22:11:12,100 - core.services.grid.terminal_ui - INFO - info:102 - ✅ 首次统计数据获取成功
2026-01-01 22:11:12,101 - core.services.grid.terminal_ui - INFO - info:102 - ✅ 首次界面更新成功，UI已启动！
2026-01-03 15:19:53,587 - core.services.grid.terminal_ui - INFO - info:102 - 📺 正在进入Live上下文管理器...
2026-01-03 15:19:53,604 - core.services.grid.terminal_ui - INFO - info:102 - ✅ Rich Live上下文已启动，开始主循环
2026-01-03 15:19:53,604 - core.services.grid.terminal_ui - INFO - info:102 - 🔄 主循环首次迭代开始...
2026-01-03 15:19:53,604 - core.services.grid.terminal_ui - INFO - info:102 - ✅ 首次统计数据获取成功
2026-01-03 15:19:53,605 - core.services.grid.terminal_ui - INFO - info:102 - ✅ 首次界面更新成功，UI已启动！
2026-01-03 15:24:44,839 - core.services.grid.terminal_ui - INFO - info:102 - 📺 正在进入Live上下文管理器...
2026-01-03 15:24:44,853 - core.services.grid.terminal_ui - INFO - info:102 - ✅ Rich Live上下文已启动，开始主循环
2026-01-03 15:24:44,853 - core.services.grid.terminal_ui - INFO - info:102 - 🔄 主循环首次迭代开始...
2026-01-03 15:24:44,853 - core.services.grid.terminal_ui - INFO - info:102 - ✅ 首次统计数据获取成功
2026-01-03 15:24:44,854 - core.services.grid.terminal_ui - INFO - info:102 - ✅ 首次界面更新成功，UI已启动！
2026-01-03 15:37:11,676 - core.services.grid.terminal_ui - INFO - info:102 - 📺 正在进入Live上下文管理器...
2026-01-03 15:37:11,692 - core.services.grid.terminal_ui - INFO - info:102 - ✅ Rich Live上下文已启动，开始主循环
2026-01-03 15:37:11,693 - core.services.grid.terminal_ui - INFO - info:102 - 🔄 主循环首次迭代开始...
2026-01-03 15:37:11,693 - core.services.grid.terminal_ui - INFO - info:102 - ✅ 首次统计数据获取成功
2026-01-03 15:37:11,694 - core.services.grid.terminal_ui - INFO - info:102 - ✅ 首次界面更新成功，UI已启动！
2026-01-03 15:45:45,043 - core.services.grid.terminal_ui - INFO - info:102 - 📺 正在进入Live上下文管理器...
2026-01-03 15:45:45,057 - core.services.grid.terminal_ui - INFO - info:102 - ✅ Rich Live上下文已启动，开始主循环
2026-01-03 15:45:45,058 - core.services.grid.terminal_ui - INFO - info:102 - 🔄 主循环首次迭代开始...
2026-01-03 15:45:45,058 - core.services.grid.terminal_ui - INFO - info:102 - ✅ 首次统计数据获取成功
2026-01-03 15:45:45,059 - core.services.grid.terminal_ui - INFO - info:102 - ✅ 首次界面更新成功，UI已启动！
